clock.c:314:12:get_ipg_clk	8	static
clock.c:193:12:1	0	static
clock.c:223:12:mxc_get_pll_pfd	24	static
clock.c:599:12:get_usdhc_clk	8	static
clock.c:341:12:get_uart_clk	16	static
clock.c:26:6:enable_ocotp_clk	0	static
clock.c:68:6:enable_usboh3_clk	0	static
clock.c:82:6:enable_enet_clk	8	static
clock.c:102:6:enable_uart_clk	8	static
clock.c:119:5:enable_usdhc_clk	0	static
clock.c:138:5:enable_i2c_clk	16	static
clock.c:176:5:enable_spi_clk	0	static
clock.c:264:5:get_periph_clk	8	static
clock.c:376:12:get_axi_clk	8	static
clock.c:527:5:enable_fec_anatop_clock	16	static
clock.c:642:5:imx_get_uartclk	0	static
clock.c:815:6:enable_thermal_clk	0	static
clock.c:820:14:mxc_get_clock	24	static
clock.c:865:5:do_mx6_showclocks	8	static
clock.c:647:5:imx_get_fecclk	0	static
clock.c:897:6:enable_ipu_clock	8	static
